2026-06-09 00:00:57 [INFO] config_manager: 配置已加载: D:\AppData\workspace\src\pdf_extractor\dist\default.cfg
2026-06-09 00:00:57 [INFO] session_manager: 会话已恢复
2026-06-09 00:00:57 [INFO] main_window: 会话已恢复
2026-06-09 00:01:06 [INFO] session_manager: 会话已保存
2026-06-09 00:01:38 [INFO] main_window: 添加文件: D:\文件\公司AI学习\工艺更改单输出测试用公开\工艺更改单输出测试用（公开）\15-ECO-GY-000155（公开）.pdf
2026-06-09 00:01:38 [INFO] main_window: 添加文件: D:\文件\公司AI学习\工艺更改单输出测试用公开\工艺更改单输出测试用（公开）\15-ECO-GY-000169（公开）.pdf
2026-06-09 00:01:38 [INFO] main_window: 添加文件: D:\文件\公司AI学习\工艺更改单输出测试用公开\工艺更改单输出测试用（公开）\15-ECO-GY-000194（公开）.pdf
2026-06-09 00:01:38 [INFO] main_window: 添加文件: D:\文件\公司AI学习\工艺更改单输出测试用公开\工艺更改单输出测试用（公开）\15-ECO-GY-000246（公开）.pdf
2026-06-09 00:01:38 [INFO] main_window: 添加文件: D:\文件\公司AI学习\工艺更改单输出测试用公开\工艺更改单输出测试用（公开）\15-ECO-GY-000383（公开）.pdf
2026-06-09 00:01:38 [INFO] main_window: 添加文件: D:\文件\公司AI学习\工艺更改单输出测试用公开\工艺更改单输出测试用（公开）\15-ECO-GY-000422（公开）.pdf
2026-06-09 00:01:38 [INFO] main_window: 添加文件: D:\文件\公司AI学习\工艺更改单输出测试用公开\工艺更改单输出测试用（公开）\15-ECO-GY-000423（公开）.pdf
2026-06-09 00:01:38 [INFO] main_window: 添加文件: D:\文件\公司AI学习\工艺更改单输出测试用公开\工艺更改单输出测试用（公开）\15-ECO-GY-000483（公开）.pdf
2026-06-09 00:01:38 [INFO] session_manager: 会话已保存
2026-06-09 00:01:44 [INFO] session_manager: 会话已保存
2026-06-09 00:01:57 [INFO] excel_generator: Excel 已生成: D:/文件/公司AI学习/工艺更改单输出测试用公开/PDF信息汇总表_20260609_000149.xlsx
2026-06-09 00:01:59 [INFO] main_window: Excel 导出成功: D:/文件/公司AI学习/工艺更改单输出测试用公开/PDF信息汇总表_20260609_000149.xlsx
2026-06-09 00:02:15 [INFO] session_manager: 会话已保存
2026-06-09 00:02:21 [INFO] session_manager: 会话已保存
2026-06-09 00:02:26 [INFO] session_manager: 会话已保存
2026-06-09 00:12:22 [INFO] config_manager: 配置已加载: D:\AppData\workspace\src\pdf_extractor\dist\default.cfg
2026-06-09 00:12:23 [INFO] session_manager: 会话已恢复
2026-06-09 00:12:23 [INFO] main_window: 会话已恢复
2026-06-09 00:12:52 [INFO] main_window: 添加文件: D:\文件\公司AI学习\工艺更改单输出测试用公开\工艺更改单输出测试用（公开）\15-ECO-GY-000155（公开）.pdf
2026-06-09 00:12:52 [INFO] main_window: 添加文件: D:\文件\公司AI学习\工艺更改单输出测试用公开\工艺更改单输出测试用（公开）\15-ECO-GY-000169（公开）.pdf
2026-06-09 00:12:52 [INFO] main_window: 添加文件: D:\文件\公司AI学习\工艺更改单输出测试用公开\工艺更改单输出测试用（公开）\15-ECO-GY-000194（公开）.pdf
2026-06-09 00:12:52 [INFO] main_window: 添加文件: D:\文件\公司AI学习\工艺更改单输出测试用公开\工艺更改单输出测试用（公开）\15-ECO-GY-000246（公开）.pdf
2026-06-09 00:12:52 [INFO] main_window: 添加文件: D:\文件\公司AI学习\工艺更改单输出测试用公开\工艺更改单输出测试用（公开）\15-ECO-GY-000383（公开）.pdf
2026-06-09 00:12:52 [INFO] main_window: 添加文件: D:\文件\公司AI学习\工艺更改单输出测试用公开\工艺更改单输出测试用（公开）\15-ECO-GY-000422（公开）.pdf
2026-06-09 00:12:52 [INFO] main_window: 添加文件: D:\文件\公司AI学习\工艺更改单输出测试用公开\工艺更改单输出测试用（公开）\15-ECO-GY-000423（公开）.pdf
2026-06-09 00:12:52 [INFO] main_window: 添加文件: D:\文件\公司AI学习\工艺更改单输出测试用公开\工艺更改单输出测试用（公开）\15-ECO-GY-000483（公开）.pdf
2026-06-09 00:12:52 [INFO] session_manager: 会话已保存
2026-06-09 00:12:58 [INFO] session_manager: 会话已保存
2026-06-09 00:13:57 [INFO] config_manager: 配置已保存: D:\AppData\workspace\src\pdf_extractor\dist\default.cfg
2026-06-09 00:21:36 [INFO] session_manager: 会话已保存
2026-06-09 00:28:54 [INFO] config_manager: 配置已加载: D:\AppData\workspace\src\pdf_extractor\dist\default.cfg
2026-06-09 00:28:54 [INFO] session_manager: 会话已恢复
2026-06-09 00:28:54 [INFO] main_window: 会话已恢复
2026-06-09 00:28:58 [INFO] session_manager: 会话已保存
2026-06-09 00:29:00 [INFO] session_manager: 会话已保存
2026-06-09 00:29:07 [INFO] main_window: 添加文件: D:\文件\公司AI学习\工艺更改单输出测试用公开\工艺更改单输出测试用（公开）\15-ECO-GY-000155（公开）.pdf
2026-06-09 00:29:07 [INFO] main_window: 添加文件: D:\文件\公司AI学习\工艺更改单输出测试用公开\工艺更改单输出测试用（公开）\15-ECO-GY-000169（公开）.pdf
2026-06-09 00:29:07 [INFO] main_window: 添加文件: D:\文件\公司AI学习\工艺更改单输出测试用公开\工艺更改单输出测试用（公开）\15-ECO-GY-000194（公开）.pdf
2026-06-09 00:29:07 [INFO] main_window: 添加文件: D:\文件\公司AI学习\工艺更改单输出测试用公开\工艺更改单输出测试用（公开）\15-ECO-GY-000246（公开）.pdf
2026-06-09 00:29:07 [INFO] main_window: 添加文件: D:\文件\公司AI学习\工艺更改单输出测试用公开\工艺更改单输出测试用（公开）\15-ECO-GY-000383（公开）.pdf
2026-06-09 00:29:07 [INFO] main_window: 添加文件: D:\文件\公司AI学习\工艺更改单输出测试用公开\工艺更改单输出测试用（公开）\15-ECO-GY-000422（公开）.pdf
2026-06-09 00:29:07 [INFO] main_window: 添加文件: D:\文件\公司AI学习\工艺更改单输出测试用公开\工艺更改单输出测试用（公开）\15-ECO-GY-000423（公开）.pdf
2026-06-09 00:29:07 [INFO] main_window: 添加文件: D:\文件\公司AI学习\工艺更改单输出测试用公开\工艺更改单输出测试用（公开）\15-ECO-GY-000483（公开）.pdf
2026-06-09 00:29:07 [INFO] main_window: 添加文件: D:\文件\公司AI学习\工艺更改单输出测试用公开\工艺更改单输出测试用（公开）\15-ECO-GY-000484(公开）.pdf
2026-06-09 00:29:08 [INFO] session_manager: 会话已保存
2026-06-09 00:29:14 [INFO] session_manager: 会话已保存
2026-06-09 00:30:39 [INFO] config_manager: 配置已保存: D:\AppData\workspace\src\pdf_extractor\dist\default.cfg
2026-06-09 00:30:41 [INFO] session_manager: 会话已保存
2026-06-09 00:30:56 [INFO] session_manager: 会话已保存
2026-06-09 00:31:05 [INFO] main_window: 添加文件: D:\文件\公司AI学习\工艺更改单输出测试用公开\工艺更改单输出测试用（公开）\15-ECO-GY-000486(公开）.pdf
2026-06-09 00:31:08 [INFO] session_manager: 会话已保存
2026-06-09 00:31:11 [INFO] session_manager: 会话已保存
2026-06-09 00:31:15 [INFO] main_window: 添加文件: D:\文件\公司AI学习\工艺更改单输出测试用公开\工艺更改单输出测试用（公开）\15-ECO-GY-000155（公开）.pdf
2026-06-09 00:31:15 [INFO] main_window: 添加文件: D:\文件\公司AI学习\工艺更改单输出测试用公开\工艺更改单输出测试用（公开）\15-ECO-GY-000169（公开）.pdf
2026-06-09 00:31:15 [INFO] main_window: 添加文件: D:\文件\公司AI学习\工艺更改单输出测试用公开\工艺更改单输出测试用（公开）\15-ECO-GY-000194（公开）.pdf
2026-06-09 00:31:15 [INFO] main_window: 添加文件: D:\文件\公司AI学习\工艺更改单输出测试用公开\工艺更改单输出测试用（公开）\15-ECO-GY-000246（公开）.pdf
2026-06-09 00:31:15 [INFO] main_window: 添加文件: D:\文件\公司AI学习\工艺更改单输出测试用公开\工艺更改单输出测试用（公开）\15-ECO-GY-000383（公开）.pdf
2026-06-09 00:31:15 [INFO] main_window: 添加文件: D:\文件\公司AI学习\工艺更改单输出测试用公开\工艺更改单输出测试用（公开）\15-ECO-GY-000422（公开）.pdf
2026-06-09 00:31:15 [INFO] main_window: 添加文件: D:\文件\公司AI学习\工艺更改单输出测试用公开\工艺更改单输出测试用（公开）\15-ECO-GY-000423（公开）.pdf
2026-06-09 00:31:15 [INFO] main_window: 添加文件: D:\文件\公司AI学习\工艺更改单输出测试用公开\工艺更改单输出测试用（公开）\15-ECO-GY-000483（公开）.pdf
2026-06-09 00:31:15 [INFO] main_window: 添加文件: D:\文件\公司AI学习\工艺更改单输出测试用公开\工艺更改单输出测试用（公开）\15-ECO-GY-000484(公开）.pdf
2026-06-09 00:31:15 [INFO] main_window: 添加文件: D:\文件\公司AI学习\工艺更改单输出测试用公开\工艺更改单输出测试用（公开）\15-ECO-GY-000486(公开）.pdf
2026-06-09 00:31:15 [INFO] session_manager: 会话已保存
2026-06-09 00:31:21 [INFO] session_manager: 会话已保存
2026-06-09 00:31:56 [INFO] excel_generator: Excel 已生成: D:/文件/公司AI学习/工艺更改单输出测试用公开/PDF信息汇总表_20260609_003138.xlsx
2026-06-09 00:31:59 [INFO] main_window: Excel 导出成功: D:/文件/公司AI学习/工艺更改单输出测试用公开/PDF信息汇总表_20260609_003138.xlsx
2026-06-09 00:32:12 [INFO] session_manager: 会话已保存
